none separate

Info : CMSIS-DAP: SWD supported
Info : CMSIS-DAP: JTAG supported
Info : CMSIS-DAP: Atomic commands supported
Info : CMSIS-DAP: UART via USB COM port supported
Info : CMSIS-DAP: FW Version = 2.1.0
Info : CMSIS-DAP: Interface Initialised (SWD)
Info : SWCLK/TCK = 1 SWDIO/TMS = 1 TDI = 1 TDO = 0 nTRST = 0 nRESET = 1
Info : CMSIS-DAP: Interface ready
Info : clock speed 1000 kHz
Info : SWD DPIDR 0x2ba01477
Info : [stm32g4x.cpu] Cortex-M4 r0p1 processor detected
Info : [stm32g4x.cpu] target has 6 breakpoints, 4 watchpoints
Info : starting gdb server for stm32g4x.cpu on 3333
Info : Listening on port 3333 for gdb connections
[stm32g4x.cpu] halted due to debug-request, current mode: Thread 
xPSR: 0x41000000 pc: 0x080063f0 psp: 0x20001560
0x40013800: 0000000d 00000000 00000000 000000b8 00000000 00000000 00000000 006000d0 
0x40013820: 00000000 00000000 0000000a 00000000 

0x40020030: 0000009b 00000000 40013828 20000bda 00000000 

0x40020808: 00000019 

0x48000000: abffffd5 

0x48000014: 00000000 

0x48000400: ffffaebd 

0x48000414: 00000000 

shutdown command invoked
